// Jest Snapshot v1, https://goo.gl/fbAQLP

exports[`Carts checkout() should return an object with the total and the list os items  1`] = `
Object {
  "items": Array [
    Object {
      "product": Object {
        "price": 35388,
        "title": "Adidas",
      },
      "quantity": 2,
    },
    Object {
      "product": Object {
        "price": 41872,
        "title": "nike",
      },
      "quantity": 1,
    },
  ],
  "total": 112648,
}
`;
